=== 水差しパズル機能テスト ===
OK: japanize-matplotlib設定完了

1. 数学的解存在判定テスト:
----------------------------------------
OK: A=3L, B=5L, 目標=4L → True
OK: A=2L, B=6L, 目標=4L → True
OK: A=2L, B=4L, 目標=3L → False
OK: A=7L, B=11L, 目標=6L → True

2. 解法アルゴリズムテスト:
----------------------------------------
問題: 3Lと5Lの容器で4Lを測定
手順数: 6ステップ
  1. B容器を満たす
  2. BからAに3L移す
  3. A容器を空にする
  4. BからAに2L移す
  5. B容器を満たす
  ... (他1ステップ)

3. 日本語グラフ作成テスト:
----------------------------------------
OK: 日本語グラフ作成成功
ファイル: test_water_jug_graph.png を生成

=== テスト完了 ===
